[krunker.io/social2669.html]
[backblue.gif]
[fade.gif]
[index.html]
[cookie-cdn.cookiepro.com/scripttemplates/otSDKStub.js]
[pagead2.googlesyndication.com/pagead/js/f.txt]
[a.pub.network/core/pubfig/cls.css]
[a.pub.network/krunker-io/pubfig.min.js]
[krunker.io/img/favicon.png]
[krunker.io/css/socialb303.css]
[krunker.io/css/flagb303.css]
[krunker.io/img/editor.png]
[krunker.io/img/android.png]
[krunker.io/img/ios.png]
[krunker.io/editor.html]
[krunker.io/img/steam.png]
[krunker.io/libs/howler.minb303.js]
[www.google.com/recaptcha/enterprise8bdb.js]
[hcaptcha.com/1/apibe8b.js]
[cdnjs.cloudflare.com/ajax/libs/Chart.js/2.8.0/Chart.bundle.min.js]
[krunker.io/libs/frvr-sdk.minb303.js]
[krunker.io/docs/terms.txt]
[assets.krunker.io/textures/classes/icon_0.png]
[krunker.io/index.html]
[krunker.io/img/black_m.png]
[krunker.io/social0e55.html]
[krunker.io/img/noimg.png]
[krunker.io/social4d0c.html]
[krunker.io/games.html]
[krunker.io/sociale8a0.html]
[krunker.io/socialb8a7.html]
[krunker.io/socialb3c1.html]
[krunker.io/socialc57f.html]
[krunker.io/social2d21.html]
[krunker.io/social67b6.html]
[krunker.io/viewer59ec.html]
[krunker.io/viewer6dc0.html]
[krunker.io/viewer361c.html]
[krunker.io/vieweraa4c.html]
[krunker.io/viewer3fd8.html]
[krunker.io/vieweraf93.html]
[krunker.io/viewer300a.html]
[krunker.io/viewerfcf5.html]
[krunker.io/viewer92fc.html]
[krunker.io/viewer529e.html]
[krunker.io/viewer17c9.html]
[krunker.io/social2669.html]
[krunker.io/css/editorb303.css]
[krunker.io/css/editor_darkb303.css]
[krunker.io/css/pickr.css]
[cdnjs.cloudflare.com/ajax/libs/codemirror/5.61.0/codemirror.min.css]
[cdnjs.cloudflare.com/ajax/libs/codemirror/5.61.0/theme/monokai.min.css]
[cdnjs.cloudflare.com/ajax/libs/codemirror/5.61.0/codemirror.min.js]
[krunker.io/libs/Tween.minb303.js]
[krunker.io/libs/quicksettings.js]
[krunker.io/libs/pickr.min.js]
[krunker.io/libs/jszip.minb303.js]
[krunker.io/libs/fflate.minb303.js]
[krunker.io/scripting.html]
[krunker.io/editor.html]
[krunker.io/css/mainb303.css]
[krunker.io/css/custom_1b303.css]
[unpkg.com/mithril/mithril.min.5d.delayed]
[unpkg.com/mithril@2.2.2/mithril.min.js]
[krunker.io/img/logo_new.png]
[krunker.io/img/menu/quickplay.png]
[krunker.io/social.html]
[krunker.io/img/menu/ranked.png]
[krunker.io/img/faceit_1.png]
[krunker.io/img/menu/wager.png]
[krunker.io/img/menu/social.png]
[krunker.io/img/menu/shop.png]
[krunker.io/img/editor_prev.png]
[krunker.io/img/app_1.png]
[krunker.io/img/app_0.png]
[krunker.io/img/btc_icn.png]
[krunker.io/img/newp.png]
[assets.krunker.io/img/shop/5b303.png]
[assets.krunker.io/img/shop/spins/6_1b303.png]
[assets.krunker.io/img/shop/spins/4_04d08.png]
[krunker.io/img/doublexp.png]
[krunker.io/img/faceit_blog_4.png]
[assets.krunker.io/img/guide/0b303.gif]
[assets.krunker.io/img/guide/host1b303.png]
[assets.krunker.io/img/guide/startservb303.png]
[assets.krunker.io/img/guide/inviteb303.png]
[assets.krunker.io/img/guide/reportb303.png]
[assets.krunker.io/img/guide/report2b303.png]
[assets.krunker.io/img/guide/kpdb303.png]
[assets.krunker.io/img/guide/kickb303.png]
[krunker.io/img/social/discord.png]
[krunker.io/img/social/reddit.png]
[krunker.io/img/twitch.png]
[krunker.io/img/youtube.png]
[krunker.io/img/mmok.png]
[krunker.io/img/logo_5.png]
[krunker.io/img/merch.png]
[krunker.io/img/police.png]
[krunker.io/img/client.png]
[krunker.io/img/phone_r.png]
[krunker.io/img/faceit_0.png]
[assets.krunker.io/img/backgrounds/vs_2b303.png]
[assets.krunker.io/img/medals/medal_1.png]
[assets.krunker.io/textures/recticleb303.png]
[assets.krunker.io/textures/reticles/reticle_0b303.png]
[krunker.io/img/skull_0.png]
[krunker.io/img/skull_1.png]
[krunker.io/img/skull_2.png]
[krunker.io/img/skull_3.png]
[krunker.io/img/blood.png]
[assets.krunker.io/textures/ammo_0b303.png]
[krunker.io/img/timer.png]
[krunker.io/img/faceit_played.png]
[krunker.io/img/faceit_logo.svg]
[assets.krunker.io/textures/hitmarker_3b303.png]
[platform.twitter.com/widgets.js]
[apis.google.com/js/platform.js]
[cdn.jsdelivr.net/npm/canvas-confetti@1.2.0/dist/confetti.browser.min.js]
[unpkg.com/@faceit/ingame-helper@5.6.0/dist/ingame_helper.min.js]
[unpkg.com/web3@latest/dist/web3.min.js]
[unpkg.com/web3@1.7.3/dist/web3.min.js]
[krunker.io/libs/rStatsb303.js]
[krunker.io/libs/rStats.extrasb303.js]
[krunker.io/libs/zipb303.js]
[krunker.io/libs/nipplejs.minb303.js]
[krunker.io/libs/purejscarouselb303.js]
[krunker.io/index.html]
[krunker.io/return.html]
[krunker.io/ABCDEFGHIJKLMNOPQRSTUVWXYZabcdefghijklmnopqrstuvwxyz0123456789+/index.html]
[krunker.io/pkg/loader.js]
[krunker.io/social0e55.html]
[krunker.io/social4d0c.html]
[krunker.io/games.html]
[krunker.io/css/gamesb303.css]
[krunker.io/sociale8a0.html]
[krunker.io/socialb8a7.html]
[krunker.io/socialb3c1.html]
[krunker.io/socialc57f.html]
[krunker.io/social67b6.html]
[krunker.io/social2d21.html]
[krunker.io/libs/dat.gui.min.js]
[krunker.io/libs/zip.js]
[krunker.io/viewer59ec.html]
[krunker.io/viewer6dc0.html]
[krunker.io/viewer361c.html]
[krunker.io/vieweraa4c.html]
[krunker.io/viewer3fd8.html]
[krunker.io/vieweraf93.html]
[krunker.io/viewer300a.html]
[krunker.io/viewerfcf5.html]
[krunker.io/viewer92fc.html]
[krunker.io/viewer529e.html]
[krunker.io/viewer17c9.html]
[assets.krunker.io/promo/og.png]
[krunker.io/css/scriptingb303.css]
[cdnjs.cloudflare.com/ajax/libs/codemirror/5.61.1/codemirror.min.css]
[cdnjs.cloudflare.com/ajax/libs/codemirror/5.61.1/theme/material-palenight.min.css]
[cdnjs.cloudflare.com/ajax/libs/codemirror/5.61.1/addon/dialog/dialog.min.css]
[cdnjs.cloudflare.com/ajax/libs/codemirror/5.61.1/codemirror.min.js]
[cdnjs.cloudflare.com/ajax/libs/codemirror/5.61.1/addon/search/search.min.js]
[cdnjs.cloudflare.com/ajax/libs/codemirror/5.61.1/addon/search/searchcursor.min.js]
[cdnjs.cloudflare.com/ajax/libs/codemirror/5.61.1/addon/search/jump-to-line.min.js]
[cdnjs.cloudflare.com/ajax/libs/codemirror/5.61.1/addon/dialog/dialog.min.js]
[cdnjs.cloudflare.com/ajax/libs/codemirror/5.61.1/addon/selection/active-line.min.js]
[cdnjs.cloudflare.com/ajax/libs/codemirror/5.61.1/addon/edit/matchbrackets.min.js]
[cdnjs.cloudflare.com/ajax/libs/codemirror/5.61.1/addon/edit/closebrackets.min.js]
[codemirror.net/5/addon/mode/simple.js]
[codemirror.net/5/addon/hint/show-hint.js]
[codemirror.net/5/addon/comment/comment.js]
[codemirror.net/5/addon/selection/mark-selection.js]
[codemirror.net/5/addon/fold/foldcode.js]
[codemirror.net/5/addon/fold/foldgutter.js]
[codemirror.net/5/addon/fold/brace-fold.js]
[krunker.io/scripting.html]
[krunker.io/social.html]
[krunker.io/THREE.html]
[krunker.io/THREE-2.html]
[krunker.io/textures/index.html]
[a.pub.network/core/pubfig/cls.css]
[a.pub.network/krunker-io/pubfig.min.js]
[krunker.io/img/favicon.png]
[www.google.com/recaptcha/enterprise8bdb.js]
[assets.krunker.io/img/backgrounds/bg_test.png]
[krunker.io/img/ios.png]
[krunker.io/css/socialb303.css]
[krunker.io/docs/terms.txt]
[krunker.io/css/flagb303.css]
[assets.krunker.io/textures/classes/icon_0.png]
[krunker.io/css/social_customb303.css]
[hcaptcha.com/1/apibe8b.js]
[krunker.io/img/black_m.png]
[krunker.io/img/medals/badge_0.html]
[krunker.io/img/backgrounds/bg_test.html]
[krunker.io/profile.html]
[krunker.io/img/noimg.png]
[krunker.io/social.profile.html]
[krunker.io/thumb.html]
[unpkg.com/mithril@2.2.2/mithril.min.js]
[krunker.io/img/connections/opensea.html]
[krunker.io/img/shop/filter/vignette.html]
[cdnjs.cloudflare.com/ajax/libs/Chart.js/2.8.0/Chart.bundle.min.js]
[cdnjs.cloudflare.com/ajax/libs/codemirror/5.61.0/codemirror.min.js]
[krunker.io/img/menu/quickplay.png]
[krunker.io/img/menu/wager.png]
[krunker.io/css/fonts/FrVrKrunkerBold2.ttf]
[krunker.io/img/menu/social.png]
[krunker.io/img/editor_prev.png]
[krunker.io/img/menu/shop.png]
[assets.krunker.io/img/menu-bg/6.png]
[krunker.io/css/editorb303.css]
[krunker.io/css/editor_darkb303.css]
[krunker.io/css/editor_customb303.css]
[assets.krunker.io/img/shop/5b303.png]
[assets.krunker.io/img/shop/spins/6_1b303.png]
[krunker.io/css/pickr.css]
[assets.krunker.io/img/shop/spins/4_04d08.png]
[cdnjs.cloudflare.com/ajax/libs/codemirror/5.61.0/codemirror.min.css]
[assets.krunker.io/img/guide/0b303.gif]
[assets.krunker.io/img/guide/host1b303.png]
[cdnjs.cloudflare.com/ajax/libs/codemirror/5.61.0/theme/monokai.min.css]
[assets.krunker.io/img/guide/startservb303.png]
[codemirror.net/addon/mode/simple.html]
[assets.krunker.io/img/guide/inviteb303.png]
[assets.krunker.io/img/guide/reportb303.png]
[krunker.io/textures/scopes/scope_0.html]
[assets.krunker.io/img/guide/report2b303.png]
[assets.krunker.io/img/guide/kpdb303.png]
[krunker.io/textures/reticles/reticle_0.html]
[assets.krunker.io/img/guide/kickb303.png]
[krunker.io/textures/water_0.html]
[krunker.io/UnrealBloomPass.html]
[krunker.io/img/social/reddit.png]
[krunker.io/sound.html]
[krunker.io/img/newp.png]
[krunker.io/texture.html]
[krunker.io/textures/zone_0.html]
[krunker.io/_lm.html]
[krunker.io/mod.html]
[krunker.io/img/faceit_blog_4.png]
[krunker.io/img/publishing/1_bad.html]
[krunker.io/img/publishing/1_good.html]
[krunker.io/img/publishing/2_main.html]
[krunker.io/img/publishing/2_options.html]
[assets.krunker.io/img/backgrounds/vs_2b303.png]
[krunker.io/img/publishing/3_main.html]
[assets.krunker.io/img/medals/medal_1.png]
[krunker.io/img/publishing/3_search.html]
[assets.krunker.io/textures/recticleb303.png]
[krunker.io/img/publishing/3_share.html]
[assets.krunker.io/textures/reticles/reticle_0b303.png]
[krunker.io/img/publishing/4_promo.html]
[krunker.io/_save.html]
[krunker.io/img/youtube.png]
[krunker.io/reflect.html]
[krunker.io/img/mmok.png]
[krunker.io/convertedVoxels.html]
[krunker.io/convertedImage.html]
[assets.krunker.io/textures/ammo_0b303.png]
[krunker.io/img/skull_0.png]
[krunker.io/img/skull_2.png]
[krunker.io/img/timer.png]
[krunker.io/css/mainb303.css]
[krunker.io/css/main_customb303.css]
[krunker.io/css/fonts/header.ttf]
[platform.twitter.com/widgets.js]
[krunker.io/img/faceit_played.png]
[assets.krunker.io/textures/hitmarker_3b303.png]
[krunker.io/css/fonts/BF_Modernista-Regular.ttf]
[krunker.io/img/custom/kill.png]
[apis.google.com/js/platform.js]
[assets.krunker.io/textures/weapons/icon_2.png]
[krunker.io/css/custom_1b303.css]
[unpkg.com/@faceit/ingame-helper@5.6.0/dist/ingame_helper.min.js]
[assets.krunker.io/promo/og.png]
[unpkg.com/web3@1.7.3/dist/web3.min.js]
[cdnjs.cloudflare.com/ajax/libs/codemirror/5.61.1/codemirror.min.js]
[cdnjs.cloudflare.com/ajax/libs/codemirror/5.61.1/addon/search/search.min.js]
[krunker.io/img/faceit_logo.svg]
[cdnjs.cloudflare.com/ajax/libs/codemirror/5.61.1/addon/search/searchcursor.min.js]
[cdnjs.cloudflare.com/ajax/libs/codemirror/5.61.1/addon/search/jump-to-line.min.js]
[cdnjs.cloudflare.com/ajax/libs/codemirror/5.61.1/addon/selection/active-line.min.js]
[cdnjs.cloudflare.com/ajax/libs/codemirror/5.61.1/addon/dialog/dialog.min.js]
[cdnjs.cloudflare.com/ajax/libs/codemirror/5.61.1/addon/edit/matchbrackets.min.js]
[cdnjs.cloudflare.com/ajax/libs/codemirror/5.61.1/addon/edit/closebrackets.min.js]
[krunker.io/css/gamesb303.css]
[codemirror.net/5/addon/mode/simple.js]
[krunker.io/render.html]
[codemirror.net/5/addon/comment/comment.js]
[codemirror.net/5/addon/hint/show-hint.js]
[krunker.io/css/scriptingb303.css]
[codemirror.net/5/addon/selection/mark-selection.js]
[cdnjs.cloudflare.com/ajax/libs/codemirror/5.61.1/codemirror.min.css]
[assets.krunker.io/img/backgrounds/bg_test.png]
[cdnjs.cloudflare.com/ajax/libs/codemirror/5.61.1/theme/material-palenight.min.css]
[codemirror.net/5/addon/fold/foldcode.js]
[cdnjs.cloudflare.com/ajax/libs/codemirror/5.61.1/addon/dialog/dialog.min.css]
[codemirror.net/5/addon/fold/foldgutter.js]
[codemirror.net/5/addon/fold/brace-fold.js]
[codemirror.net/5/addon/hint/show-hint.css]
[assets.krunker.io/img/menu-bg/6.png]
[codemirror.net/5/addon/fold/foldgutter.css]
[assets.krunker.io/textures/weapons/icon_2.png]
[krunker.io/css/fonts/sans_r.html]
[krunker.io/index.html]
[krunker.io/return.html]
[krunker.io/social4d0c.html]
[krunker.io/social.html]
[krunker.io/THREE.html]
